FileMove v1.3.1 - Unit Tests
==============================
Testing cmdline_parser...
  cmdline_parser tests done.
Testing file_io...
  file_io tests done.
Testing json_parser...
  json_parser tests done.
Testing queue_manager...
